Diagnose log at 2026-08-06T03:33:30Z

AppPath: D:\Git\mingw64\bin\git-credential-manager.exe
InstallDir: D:\Git\mingw64\bin\
Version: 2.9.0+194ba290ce533465310d50f811684ab180536ae7

------------
Diagnostic: Environment
Skipped: False
Success: True
Exception: None
Log:
OSType: Windows
OSVersion: 10.0 (build 26200)
Reading environment variables... OK
 Variables:
SystemDrive=C:
ProgramFiles(x86)=C:\Program Files (x86)
MSYSTEM=MINGW64
ProgramW6432=C:\Program Files
PROCESSOR_IDENTIFIER=Intel64 Family 6 Model 154 Stepping 4, GenuineIntel
VBOX_MSI_INSTALL_PATH=C:\Program Files\Oracle\VirtualBox\
TMP=C:\Users\DELL\AppData\Local\Temp
PROCESSOR_ARCHITECTURE=AMD64
DriverData=C:\Windows\System32\Drivers\DriverData
Path=D:/Git/mingw64/libexec/git-core;D:\Git\mingw64\bin;D:\Git\usr\bin;C:\Users\DELL\bin;C:\Program Files\Common Files\Oracle\Java\javapath;C:\Program Files (x86)\VMware\VMware Workstation\bin\;C:\WINDOWS\system32;C:\WINDOWS;C:\WINDOWS\System32\Wbem;C:\WINDOWS\System32\WindowsPowerShell\v1.0\;C:\WINDOWS\System32\OpenSSH\;C:\Program Files\dotnet\;C:\MinGW\bin;C:\Program Files\Microsoft SQL Server\150\Tools\Binn\;C:\Program Files\Microsoft SQL Server\Client SDK\ODBC\170\Tools\Binn\;C:\Program Files (x86)\Microsoft SQL Server\160\DTS\Binn\;C:\Program Files (x86)\Microsoft SQL Server\150\Tools\Binn\;C:\Program Files (x86)\Microsoft SQL Server\150\DTS\Binn\;C:\Program Files\Microsoft SQL Server\150\DTS\Binn\;C:\apktool;C:\Program Files\Java\jdk-26\bin;D:\Git\cmd;C:\Users\DELL\AppData\Local\Programs\Python\Python313\Scripts\;C:\Users\DELL\AppData\Local\Programs\Python\Python313\;C:\Users\DELL\AppData\Local\Programs\Python\Launcher\;C:\Users\DELL\AppData\Local\Microsoft\WindowsApps;C:\Users\DELL\AppData\Local\Programs\Microsoft VS Code\bin;C:\windowstool\platform-tools-latest-windows\platform-tools;
WSLENV=WT_SESSION:WT_PROFILE_ID:
PROCESSOR_REVISION=9a04
TEMP=C:\Users\DELL\AppData\Local\Temp
USERPROFILE=C:\Users\DELL
LOGONSERVER=\\ANNEABEYRATNE
TERM=xterm-256color
USERNAME=DELL
SystemRoot=C:\WINDOWS
GIT_EXEC_PATH=D:/Git/mingw64/libexec/git-core
PLINK_PROTOCOL=ssh
OneDrive=C:\Users\DELL\OneDrive - Sri Lanka Institute of Information Technology\Desktop\CS2\OneDrive - Sri Lanka Institute of Information Technology
CommonProgramFiles=C:\Program Files\Common Files
ZES_ENABLE_SYSMAN=1
WT_PROFILE_ID={61c54bbd-c2c6-5271-96e7-009a87ff44bf}
ProgramData=C:\ProgramData
LC_CTYPE=C.UTF-8
HOMEPATH=\Users\DELL
WT_SESSION=11670898-d0a7-4f67-83df-c3c27f241344
IGCCSVC_DB=AQAAANCMnd8BFdERjHoAwE/Cl+sBAAAAe363qX/vK0mYbJQ6sjR2wAQAAAACAAAAAAAQZgAAAAEAACAAAAAqWCZ2qI2sls9MXBZWLxMx5yqSfbjkIueIpYCGPE2UeQAAAAAOgAAAAAIAACAAAADqCz9WHsKIxXNzCKMSQlizYWWiIdTkQxQ+SA1SEuXSUmAAAACJOE6fi1EKxOUuqQjNrDdvYYuW/AndFnZ+eJvxzrOWojziFytmbffeKxk6raNuOJ39hVlhPyUjlea/5MK0ermVao+67AdKynUee9Zz2FooByqfPxOej/tEByBGSTO8nqpAAAAAmD73wvmHw/5nx1eZub63G226Q548s7bPSvmQnJpHlI+Blv+SxBz/A9vErK2rjNTuSnG2U5pZAj02XKb/w6PA9Q==
COMPUTERNAME=ANNEABEYRATNE
ALLUSERSPROFILE=C:\ProgramData
CommonProgramW6432=C:\Program Files\Common Files
OneDriveCommercial=C:\Users\DELL\OneDrive - Sri Lanka Institute of Information Technology\Desktop\CS2\OneDrive - Sri Lanka Institute of Information Technology
__PSLockDownPolicy=0
PT8HOME=D:\Cisco Packet Tracer\Cisco Packet Tracer 9.0.0
SESSIONNAME=Console
CommonProgramFiles(x86)=C:\Program Files (x86)\Common Files
HOMEDRIVE=C:
windir=C:\WINDOWS
GIT_TRACE2_PARENT_SID=cc671c3c-a767-4785-904f-ebe74d6e98b4
NUMBER_OF_PROCESSORS=12
OS=Windows_NT
ProgramFiles=C:\Program Files
ComSpec=C:\WINDOWS\system32\cmd.exe
PATHEXT=.COM;.EXE;.BAT;.CMD;.VBS;.VBE;.JS;.JSE;.WSF;.WSH;.MSC;.CPL
HOME=C:\Users\DELL
PSModulePath=C:\Users\DELL\OneDrive - Sri Lanka Institute of Information Technology\Documents\WindowsPowerShell\Modules;C:\Program Files\WindowsPowerShell\Modules;C:\WINDOWS\system32\WindowsPowerShell\v1.0\Modules;C:\Program Files (x86)\Microsoft SQL Server\150\Tools\PowerShell\Modules\
TMPDIR=C:\Users\DELL\AppData\Local\Temp
APPDATA=C:\Users\DELL\AppData\Roaming
USERDOMAIN=ANNEABEYRATNE
PROCESSOR_LEVEL=6
LOCALAPPDATA=C:\Users\DELL\AppData\Local
USERDOMAIN_ROAMINGPROFILE=ANNEABEYRATNE
COLORTERM=truecolor
PUBLIC=C:\Users\Public


------------
Diagnostic: File system
Skipped: False
Success: True
Exception: None
Log:
Temporary directory is 'C:\Users\DELL\AppData\Local\Temp\'...
Checking basic file I/O...
Writing to temporary file 'C:\Users\DELL\AppData\Local\Temp\82264441b45fb4336ad80b05'... OK
Reading from temporary file 'C:\Users\DELL\AppData\Local\Temp\82264441b45fb4336ad80b05'... OK
Deleting temporary file 'C:\Users\DELL\AppData\Local\Temp\82264441b45fb4336ad80b05'... OK
Testing IFileSystem instance...
UserHomePath: C:\Users\DELL
UserDataDirectoryPath: C:\Users\DELL\.gcm
GetCurrentDirectory(): C:\Users\DELL\OneDrive - Sri Lanka Institute of Information Technology\Desktop\ISP\RuleLock-AI\rulelock-ai

------------
Diagnostic: Networking
Skipped: False
Success: True
Exception: None
Log:
Checking networking and HTTP stack...
Creating HTTP client... OK
IsNetworkAvailable: True
Sending HEAD request to http://example.com... OK
Sending HEAD request to https://example.com... OK
Acquiring free TCP port... OK
Testing local HTTP loopback connections...
Creating new HTTP listener for http://localhost:59197/... OK
Waiting for loopback connection... OK
Writing response... OK
Waiting for response data... OK
Loopback connection data OK

------------
Diagnostic: Git
Skipped: False
Success: True
Exception: None
Log:
Getting Git version... OK
Git version is '2.55.0.windows.3'
Locating current repository...Git repository at 'C:/Users/DELL/OneDrive - Sri Lanka Institute of Information Technology/Desktop/ISP/RuleLock-AI/.git'
 OK
Listing all Git configuration... OK
Git configuration:
file:D:/Git/etc/gitconfig	diff.astextplain.textconv=astextplain
file:D:/Git/etc/gitconfig	filter.lfs.clean=git-lfs clean -- %f
file:D:/Git/etc/gitconfig	filter.lfs.smudge=git-lfs smudge -- %f
file:D:/Git/etc/gitconfig	filter.lfs.process=git-lfs filter-process
file:D:/Git/etc/gitconfig	filter.lfs.required=true
file:D:/Git/etc/gitconfig	http.sslbackend=schannel
file:D:/Git/etc/gitconfig	core.autocrlf=true
file:D:/Git/etc/gitconfig	core.fscache=true
file:D:/Git/etc/gitconfig	core.symlinks=false
file:D:/Git/etc/gitconfig	pull.rebase=false
file:D:/Git/etc/gitconfig	credential.helper=manager
file:D:/Git/etc/gitconfig	credential.https://dev.azure.com.usehttppath=true
file:D:/Git/etc/gitconfig	init.defaultbranch=master
file:C:/Users/DELL/.gitconfig	gui.recentrepo=C:/Users/DELL/OneDrive - Sri Lanka Institute of Information Technology/Desktop/ISP/RuleLock-AI
file:C:/Users/DELL/.gitconfig	user.email=IT23612464@my.sliit.lk
file:C:/Users/DELL/.gitconfig	user.name=AnneAbeyratne
file:.git/config	core.repositoryformatversion=0
file:.git/config	core.filemode=false
file:.git/config	core.bare=false
file:.git/config	core.logallrefupdates=true
file:.git/config	core.symlinks=false
file:.git/config	core.ignorecase=true
file:.git/config	remote.origin.url=https://github.com/RuleLock-AI-team/RuleLock-AI
file:.git/config	remote.origin.fetch=+refs/heads/*:refs/remotes/origin/*
file:.git/config	branch.main.remote=origin
file:.git/config	branch.main.merge=refs/heads/main
file:.git/config	branch.main.vscode-merge-base=origin/main
file:.git/config	gui.wmstate=normal
file:.git/config	gui.geometry=1109x563+32+32 216 255


------------
Diagnostic: Credential storage
Skipped: False
Success: True
Exception: None
Log:
ICredentialStore instance is of type: CredentialStore
Writing test credential... OK
Reading test credential... OK
Deleting test credential... OK

------------
Diagnostic: Microsoft authentication (AAD/MSA)
Skipped: False
Success: True
Exception: None
Log:
Broker is not enabled.
Gathering MSAL token cache data... OK
CacheDirectory: C:\Users\DELL\AppData\Local\.IdentityService
CacheFileName: msal.cache
CacheFilePath: C:\Users\DELL\AppData\Local\.IdentityService\msal.cache
Creating cache helper... OK
Verifying MSAL token cache persistence... OK

------------
Diagnostic: GitHub API
Skipped: False
Success: True
Exception: None
Log:
Using 'https://github.com/' as API target.
Querying '/meta' endpoint... OK

